###############################################################################
#
# IAR ELF Linker V8.30.1.114/W32 for ARM                  17/Apr/2019  12:20:52
# Copyright 2007-2018 IAR Systems AB.
#
#    Output file  =  
#        C:\Users\kdh94\Desktop\Bluetooth_Project\F144_Bluetooth\EWARM\F144_Bluetooth\Exe\F144_Bluetooth.out
#    Map file     =  
#        C:\Users\kdh94\Desktop\Bluetooth_Project\F144_Bluetooth\EWARM\F144_Bluetooth\List\F144_Bluetooth.map
#    Command line =  
#        -f C:\Users\kdh94\AppData\Local\Temp\EW6033.tmp
#        (C:\Users\kdh94\Desktop\Bluetooth_Project\F144_Bluetooth\EWARM\F144_Bluetooth\Obj\bluetooth.o
#        C:\Users\kdh94\Desktop\Bluetooth_Project\F144_Bluetooth\EWARM\F144_Bluetooth\Obj\main.o
#        C:\Users\kdh94\Desktop\Bluetooth_Project\F144_Bluetooth\EWARM\F144_Bluetooth\Obj\startup_stm32f429xx.o
#        C:\Users\kdh94\Desktop\Bluetooth_Project\F144_Bluetooth\EWARM\F144_Bluetooth\Obj\stm32f4xx_hal.o
#        C:\Users\kdh94\Desktop\Bluetooth_Project\F144_Bluetooth\EWARM\F144_Bluetooth\Obj\stm32f4xx_hal_cortex.o
#        C:\Users\kdh94\Desktop\Bluetooth_Project\F144_Bluetooth\EWARM\F144_Bluetooth\Obj\stm32f4xx_hal_dma.o
#        C:\Users\kdh94\Desktop\Bluetooth_Project\F144_Bluetooth\EWARM\F144_Bluetooth\Obj\stm32f4xx_hal_dma_ex.o
#        C:\Users\kdh94\Desktop\Bluetooth_Project\F144_Bluetooth\EWARM\F144_Bluetooth\Obj\stm32f4xx_hal_flash.o
#        C:\Users\kdh94\Desktop\Bluetooth_Project\F144_Bluetooth\EWARM\F144_Bluetooth\Obj\stm32f4xx_hal_flash_ex.o
#        C:\Users\kdh94\Desktop\Bluetooth_Project\F144_Bluetooth\EWARM\F144_Bluetooth\Obj\stm32f4xx_hal_flash_ramfunc.o
#        C:\Users\kdh94\Desktop\Bluetooth_Project\F144_Bluetooth\EWARM\F144_Bluetooth\Obj\stm32f4xx_hal_gpio.o
#        C:\Users\kdh94\Desktop\Bluetooth_Project\F144_Bluetooth\EWARM\F144_Bluetooth\Obj\stm32f4xx_hal_msp.o
#        C:\Users\kdh94\Desktop\Bluetooth_Project\F144_Bluetooth\EWARM\F144_Bluetooth\Obj\stm32f4xx_hal_pwr.o
#        C:\Users\kdh94\Desktop\Bluetooth_Project\F144_Bluetooth\EWARM\F144_Bluetooth\Obj\stm32f4xx_hal_pwr_ex.o
#        C:\Users\kdh94\Desktop\Bluetooth_Project\F144_Bluetooth\EWARM\F144_Bluetooth\Obj\stm32f4xx_hal_rcc.o
#        C:\Users\kdh94\Desktop\Bluetooth_Project\F144_Bluetooth\EWARM\F144_Bluetooth\Obj\stm32f4xx_hal_rcc_ex.o
#        C:\Users\kdh94\Desktop\Bluetooth_Project\F144_Bluetooth\EWARM\F144_Bluetooth\Obj\stm32f4xx_hal_tim.o
#        C:\Users\kdh94\Desktop\Bluetooth_Project\F144_Bluetooth\EWARM\F144_Bluetooth\Obj\stm32f4xx_hal_tim_ex.o
#        C:\Users\kdh94\Desktop\Bluetooth_Project\F144_Bluetooth\EWARM\F144_Bluetooth\Obj\stm32f4xx_hal_uart.o
#        C:\Users\kdh94\Desktop\Bluetooth_Project\F144_Bluetooth\EWARM\F144_Bluetooth\Obj\stm32f4xx_it.o
#        C:\Users\kdh94\Desktop\Bluetooth_Project\F144_Bluetooth\EWARM\F144_Bluetooth\Obj\system_stm32f4xx.o
#        --redirect _Printf=_PrintfFull --redirect _Scanf=_ScanfFull
#        --no_out_extension -o
#        C:\Users\kdh94\Desktop\Bluetooth_Project\F144_Bluetooth\EWARM\F144_Bluetooth\Exe\F144_Bluetooth.out
#        --map
#        C:\Users\kdh94\Desktop\Bluetooth_Project\F144_Bluetooth\EWARM\F144_Bluetooth\List\F144_Bluetooth.map
#        --config
#        C:\Users\kdh94\Desktop\Bluetooth_Project\F144_Bluetooth\EWARM/stm32f429xx_flash.icf
#        --semihosting --entry __iar_program_start --vfe --text_out locale)
#
###############################################################################

*******************************************************************************
*** RUNTIME MODEL ATTRIBUTES
***

CppFlavor       = *
__SystemLibrary = DLib
__dlib_version  = 6


*******************************************************************************
*** HEAP SELECTION
***

The basic heap was selected because some modules are built with
size limitations (and not runtime checking), and --advanced_heap
was not specified.


*******************************************************************************
*** PLACEMENT SUMMARY
***

"A0":  place at 0x800'0000 { ro section .intvec };
"P1":  place in [from 0x800'0000 to 0x81f'ffff] { ro };
define block CSTACK with size = 1K, alignment = 8 { };
define block HEAP with size = 512, alignment = 8 { };
"P2":  place in [from 0x2000'0000 to 0x2002'ffff] {
          rw, block CSTACK, block HEAP };
initialize by copy { rw };

  Section            Kind         Address    Size  Object
  -------            ----         -------    ----  ------
"A0":                                       0x1ac
  .intvec            ro code   0x800'0000   0x1ac  startup_stm32f429xx.o [1]
                             - 0x800'01ac   0x1ac

"P1":                                      0x1c39
  .text              ro code   0x800'01ac   0x5d8  stm32f4xx_hal_uart.o [1]
  .text              ro code   0x800'0784    0xf8  stm32f4xx_hal_msp.o [1]
  .text              ro code   0x800'087c     0xc  stm32f4xx_hal.o [1]
  .text              ro code   0x800'0888    0x24  stm32f4xx_hal_dma.o [1]
  .text              ro code   0x800'08ac     0x2  stm32f4xx_hal_uart.o [1]
  .text              ro code   0x800'08ae     0x2  stm32f4xx_hal_uart.o [1]
  .text              ro code   0x800'08b0     0x2  stm32f4xx_hal_uart.o [1]
  .text              ro code   0x800'08b2    0x7a  lz77_init_single.o [4]
  .text              ro code   0x800'092c   0x1a8  stm32f4xx_hal_rcc.o [1]
  .text              ro code   0x800'0ad4     0x6  ABImemclr4.o [4]
  .text              ro code   0x800'0ada    0x3a  zero_init3.o [4]
  .text              ro code   0x800'0b14    0xc4  stm32f4xx_hal_cortex.o [1]
  .text              ro code   0x800'0bd8   0x1ec  stm32f4xx_hal_gpio.o [1]
  .text              ro code   0x800'0dc4    0x40  stm32f4xx_hal.o [1]
  .text              ro code   0x800'0e04   0x230  I64DivMod.o [4]
  .text              ro code   0x800'1034    0x32  ABImemset48.o [4]
  .text              ro code   0x800'1068     0x2  I64DivZer.o [4]
  .text              ro code   0x800'106c   0x44c  main.o [1]
  .text              ro code   0x800'14b8    0x34  stm32f4xx_hal.o [1]
  .text              ro code   0x800'14ec   0x1d4  bluetooth.o [1]
  .text              ro code   0x800'16c0   0x2f8  stm32f4xx_hal_rcc.o [1]
  .text              ro code   0x800'19b8    0x78  stm32f4xx_hal_pwr_ex.o [1]
  .text              ro code   0x800'1a30    0x28  stm32f4xx_hal.o [1]
  .text              ro code   0x800'1a58    0x66  stm32f4xx_it.o [1]
  .text              ro code   0x800'1ac0    0x10  stm32f4xx_hal.o [1]
  .text              ro code   0x800'1ad0    0x60  system_stm32f4xx.o [1]
  .text              ro code   0x800'1b30    0x28  data_init.o [4]
  .text              ro code   0x800'1b58    0x22  fpinit_M.o [3]
  .iar.init_table    const     0x800'1b7c    0x20  - Linker created -
  .text              ro code   0x800'1b9c    0x1e  cmain.o [4]
  .text              ro code   0x800'1bba     0x4  low_level_init.o [2]
  .text              ro code   0x800'1bbe     0x4  exit.o [2]
  .text              ro code   0x800'1bc4     0xa  cexit.o [4]
  .text              ro code   0x800'1bd0    0x14  exit.o [5]
  .text              ro code   0x800'1be4    0x10  startup_stm32f429xx.o [1]
  .text              ro code   0x800'1bf4     0xc  cstartup_M.o [4]
  .rodata            const     0x800'1c00     0x8  system_stm32f4xx.o [1]
  .text              ro code   0x800'1c08     0x4  startup_stm32f429xx.o [1]
  .text              ro code   0x800'1c0c     0x4  startup_stm32f429xx.o [1]
  .text              ro code   0x800'1c10     0x4  startup_stm32f429xx.o [1]
  .text              ro code   0x800'1c14     0x4  startup_stm32f429xx.o [1]
  .text              ro code   0x800'1c18     0x4  startup_stm32f429xx.o [1]
  .text              ro code   0x800'1c1c     0x4  startup_stm32f429xx.o [1]
  .text              ro code   0x800'1c20     0x4  startup_stm32f429xx.o [1]
  .text              ro code   0x800'1c24     0x4  startup_stm32f429xx.o [1]
  .text              ro code   0x800'1c28     0x4  startup_stm32f429xx.o [1]
  .text              ro code   0x800'1c2c     0x4  startup_stm32f429xx.o [1]
  .text              ro code   0x800'1c30     0x4  startup_stm32f429xx.o [1]
  .text              ro code   0x800'1c34     0x4  startup_stm32f429xx.o [1]
  .text              ro code   0x800'1c38     0x4  startup_stm32f429xx.o [1]
  .text              ro code   0x800'1c3c     0x4  startup_stm32f429xx.o [1]
  .text              ro code   0x800'1c40     0x4  startup_stm32f429xx.o [1]
  .text              ro code   0x800'1c44     0x4  startup_stm32f429xx.o [1]
  .text              ro code   0x800'1c48     0x4  startup_stm32f429xx.o [1]
  .text              ro code   0x800'1c4c     0x4  startup_stm32f429xx.o [1]
  .text              ro code   0x800'1c50     0x4  startup_stm32f429xx.o [1]
  .text              ro code   0x800'1c54     0x4  startup_stm32f429xx.o [1]
  .text              ro code   0x800'1c58     0x4  startup_stm32f429xx.o [1]
  .text              ro code   0x800'1c5c     0x4  startup_stm32f429xx.o [1]
  .text              ro code   0x800'1c60     0x4  startup_stm32f429xx.o [1]
  .text              ro code   0x800'1c64     0x4  startup_stm32f429xx.o [1]
  .text              ro code   0x800'1c68     0x4  startup_stm32f429xx.o [1]
  .text              ro code   0x800'1c6c     0x4  startup_stm32f429xx.o [1]
  .text              ro code   0x800'1c70     0x4  startup_stm32f429xx.o [1]
  .text              ro code   0x800'1c74     0x4  startup_stm32f429xx.o [1]
  .text              ro code   0x800'1c78     0x4  startup_stm32f429xx.o [1]
  .text              ro code   0x800'1c7c     0x4  startup_stm32f429xx.o [1]
  .text              ro code   0x800'1c80     0x4  startup_stm32f429xx.o [1]
  .text              ro code   0x800'1c84     0x4  startup_stm32f429xx.o [1]
  .text              ro code   0x800'1c88     0x4  startup_stm32f429xx.o [1]
  .text              ro code   0x800'1c8c     0x4  startup_stm32f429xx.o [1]
  .text              ro code   0x800'1c90     0x4  startup_stm32f429xx.o [1]
  .text              ro code   0x800'1c94     0x4  startup_stm32f429xx.o [1]
  .text              ro code   0x800'1c98     0x4  startup_stm32f429xx.o [1]
  .text              ro code   0x800'1c9c     0x4  startup_stm32f429xx.o [1]
  .text              ro code   0x800'1ca0     0x4  startup_stm32f429xx.o [1]
  .text              ro code   0x800'1ca4     0x4  startup_stm32f429xx.o [1]
  .text              ro code   0x800'1ca8     0x4  startup_stm32f429xx.o [1]
  .text              ro code   0x800'1cac     0x4  startup_stm32f429xx.o [1]
  .text              ro code   0x800'1cb0     0x4  startup_stm32f429xx.o [1]
  .text              ro code   0x800'1cb4     0x4  startup_stm32f429xx.o [1]
  .text              ro code   0x800'1cb8     0x4  startup_stm32f429xx.o [1]
  .text              ro code   0x800'1cbc     0x4  startup_stm32f429xx.o [1]
  .text              ro code   0x800'1cc0     0x4  startup_stm32f429xx.o [1]
  .text              ro code   0x800'1cc4     0x4  startup_stm32f429xx.o [1]
  .text              ro code   0x800'1cc8     0x4  startup_stm32f429xx.o [1]
  .text              ro code   0x800'1ccc     0x4  startup_stm32f429xx.o [1]
  .text              ro code   0x800'1cd0     0x4  startup_stm32f429xx.o [1]
  .text              ro code   0x800'1cd4     0x4  startup_stm32f429xx.o [1]
  .text              ro code   0x800'1cd8     0x4  startup_stm32f429xx.o [1]
  .text              ro code   0x800'1cdc     0x4  startup_stm32f429xx.o [1]
  .text              ro code   0x800'1ce0     0x4  startup_stm32f429xx.o [1]
  .text              ro code   0x800'1ce4     0x4  startup_stm32f429xx.o [1]
  .text              ro code   0x800'1ce8     0x4  startup_stm32f429xx.o [1]
  .text              ro code   0x800'1cec     0x4  startup_stm32f429xx.o [1]
  .text              ro code   0x800'1cf0     0x4  startup_stm32f429xx.o [1]
  .text              ro code   0x800'1cf4     0x4  startup_stm32f429xx.o [1]
  .text              ro code   0x800'1cf8     0x4  startup_stm32f429xx.o [1]
  .text              ro code   0x800'1cfc     0x4  startup_stm32f429xx.o [1]
  .text              ro code   0x800'1d00     0x4  startup_stm32f429xx.o [1]
  .text              ro code   0x800'1d04     0x4  startup_stm32f429xx.o [1]
  .text              ro code   0x800'1d08     0x4  startup_stm32f429xx.o [1]
  .text              ro code   0x800'1d0c     0x4  startup_stm32f429xx.o [1]
  .text              ro code   0x800'1d10     0x4  startup_stm32f429xx.o [1]
  .text              ro code   0x800'1d14     0x4  startup_stm32f429xx.o [1]
  .text              ro code   0x800'1d18     0x4  startup_stm32f429xx.o [1]
  .text              ro code   0x800'1d1c     0x4  startup_stm32f429xx.o [1]
  .text              ro code   0x800'1d20     0x4  startup_stm32f429xx.o [1]
  .text              ro code   0x800'1d24     0x4  startup_stm32f429xx.o [1]
  .text              ro code   0x800'1d28     0x4  startup_stm32f429xx.o [1]
  .text              ro code   0x800'1d2c     0x4  startup_stm32f429xx.o [1]
  .text              ro code   0x800'1d30     0x4  startup_stm32f429xx.o [1]
  .text              ro code   0x800'1d34     0x4  startup_stm32f429xx.o [1]
  .text              ro code   0x800'1d38     0x4  startup_stm32f429xx.o [1]
  .text              ro code   0x800'1d3c     0x4  startup_stm32f429xx.o [1]
  .text              ro code   0x800'1d40     0x4  startup_stm32f429xx.o [1]
  .text              ro code   0x800'1d44     0x4  startup_stm32f429xx.o [1]
  .text              ro code   0x800'1d48     0x4  startup_stm32f429xx.o [1]
  .text              ro code   0x800'1d4c     0x4  startup_stm32f429xx.o [1]
  .text              ro code   0x800'1d50     0x4  startup_stm32f429xx.o [1]
  .text              ro code   0x800'1d54     0x4  startup_stm32f429xx.o [1]
  .text              ro code   0x800'1d58     0x4  startup_stm32f429xx.o [1]
  .text              ro code   0x800'1d5c     0x4  startup_stm32f429xx.o [1]
  .text              ro code   0x800'1d60     0x4  startup_stm32f429xx.o [1]
  .text              ro code   0x800'1d64     0x4  startup_stm32f429xx.o [1]
  .rodata            const     0x800'1d68     0x0  zero_init3.o [4]
  .rodata            const     0x800'1d68     0x0  lz77_init_single.o [4]
  Initializer bytes  const     0x800'1d68    0x7d  <for P2-1>
                             - 0x800'1de5  0x1c39

"P2", part 1 of 3:                          0x114
  P2-1                        0x2000'0000   0x114  <Init block>
    .data            inited   0x2000'0000   0x104  bluetooth.o [1]
    .data            inited   0x2000'0104     0xc  stm32f4xx_hal.o [1]
    .data            inited   0x2000'0110     0x4  system_stm32f4xx.o [1]
                            - 0x2000'0114   0x114

"P2", part 2 of 3:                           0x80
  .bss               zero     0x2000'0114    0x40  main.o [1]
  .bss               zero     0x2000'0154    0x40  main.o [1]
                            - 0x2000'0194    0x80

"P2", part 3 of 3:                          0x400
  CSTACK                      0x2000'0198   0x400  <Block>
    CSTACK           uninit   0x2000'0198   0x400  <Block tail>
                            - 0x2000'0598   0x400

Unused ranges:

         From           To       Size
         ----           --       ----
   0x800'1de5   0x81f'ffff  0x1f'e21b
  0x2000'0194  0x2000'0197        0x4
  0x2000'0598  0x2002'ffff   0x2'fa68


*******************************************************************************
*** INIT TABLE
***

          Address      Size
          -------      ----
Zero (__iar_zero_init3)
    1 destination range, total size 0x80:
          0x2000'0114   0x80

Copy/lz77 (__iar_lz77_init_single3)
    1 source range, total size 0x7d (45% of destination):
           0x800'1d68   0x7d
    1 destination range, total size 0x114:
          0x2000'0000  0x114



*******************************************************************************
*** MODULE SUMMARY
***

    Module                  ro code  ro data  rw data
    ------                  -------  -------  -------
command line/config:
    -------------------------------------------------
    Total:

C:\Users\kdh94\Desktop\Bluetooth_Project\F144_Bluetooth\EWARM\F144_Bluetooth\Obj: [1]
    bluetooth.o                 468      117      260
    main.o                    1 100               128
    startup_stm32f429xx.o       796
    stm32f4xx_hal.o             184        6       12
    stm32f4xx_hal_cortex.o      196
    stm32f4xx_hal_dma.o          36
    stm32f4xx_hal_gpio.o        492
    stm32f4xx_hal_msp.o         248
    stm32f4xx_hal_pwr_ex.o      120
    stm32f4xx_hal_rcc.o       1 184
    stm32f4xx_hal_uart.o      1 502
    stm32f4xx_it.o              102
    system_stm32f4xx.o           96       10        4
    -------------------------------------------------
    Total:                    6 524      133      404

dl7M_tlf.a: [2]
    exit.o                        4
    low_level_init.o              4
    -------------------------------------------------
    Total:                        8

m7M_tls.a: [3]
    fpinit_M.o                   34
    -------------------------------------------------
    Total:                       34

rt7M_tl.a: [4]
    ABImemclr4.o                  6
    ABImemset48.o                50
    I64DivMod.o                 560
    I64DivZer.o                   2
    cexit.o                      10
    cmain.o                      30
    cstartup_M.o                 12
    data_init.o                  40
    lz77_init_single.o          122
    zero_init3.o                 58
    -------------------------------------------------
    Total:                      890

shb_l.a: [5]
    exit.o                       20
    -------------------------------------------------
    Total:                       20

    Gaps                         10        2
    Linker created                        32    1 024
-----------------------------------------------------
    Grand Total:              7 486      167    1 428


*******************************************************************************
*** ENTRY LIST
***

Entry                       Address   Size  Type      Object
-----                       -------   ----  ----      ------
.iar.init_table$$Base    0x800'1b7c          --   Gb  - Linker created -
.iar.init_table$$Limit   0x800'1b9c          --   Gb  - Linker created -
?main                    0x800'1b9d         Code  Gb  cmain.o [4]
AHBPrescTable            0x800'1b20   0x10  Data  Gb  system_stm32f4xx.o [1]
APBPrescTable            0x800'1c00    0x8  Data  Gb  system_stm32f4xx.o [1]
AT                      0x2000'0000    0x4  Data  Gb  bluetooth.o [1]
BAUD                    0x2000'0014    0x8  Data  Gb  bluetooth.o [1]
BT_S_Init                0x800'14ed   0x90  Code  Gb  bluetooth.o [1]
BusFault_Handler         0x800'1a5f    0x2  Code  Gb  stm32f4xx_it.o [1]
CONN_RESULT             0x2000'00d4    0x8  Data  Gb  bluetooth.o [1]
CON_MAC1                0x2000'00dc   0x14  Data  Gb  bluetooth.o [1]
CON_MAC2                0x2000'00f0   0x14  Data  Gb  bluetooth.o [1]
CSTACK$$Base            0x2000'0198          --   Gb  - Linker created -
CSTACK$$Limit           0x2000'0598          --   Gb  - Linker created -
CommandPrint             0x800'11c1   0x7a  Code  Gb  main.o [1]
DebugMon_Handler         0x800'1a65    0x2  Code  Gb  stm32f4xx_it.o [1]
HAL_DMA_Abort_IT         0x800'0889   0x24  Code  Gb  stm32f4xx_hal_dma.o [1]
HAL_Delay                0x800'1a31   0x28  Code  Wk  stm32f4xx_hal.o [1]
HAL_GPIO_Init            0x800'0bd9  0x1b8  Code  Gb  stm32f4xx_hal_gpio.o [1]
HAL_GetTick              0x800'087d    0xc  Code  Wk  stm32f4xx_hal.o [1]
HAL_IncTick              0x800'1ac1   0x10  Code  Wk  stm32f4xx_hal.o [1]
HAL_Init                 0x800'14b9   0x30  Code  Gb  stm32f4xx_hal.o [1]
HAL_InitTick             0x800'0dc5   0x40  Code  Wk  stm32f4xx_hal.o [1]
HAL_MspInit              0x800'0785   0x34  Code  Gb  stm32f4xx_hal_msp.o [1]
HAL_NVIC_EnableIRQ       0x800'0b83    0xa  Code  Gb  stm32f4xx_hal_cortex.o [1]
HAL_NVIC_SetPriority     0x800'0b49   0x3a  Code  Gb  stm32f4xx_hal_cortex.o [1]
HAL_NVIC_SetPriorityGrouping
                         0x800'0b2f   0x1a  Code  Gb  stm32f4xx_hal_cortex.o [1]
HAL_PWREx_EnableOverDrive
                         0x800'19b9   0x48  Code  Gb  stm32f4xx_hal_pwr_ex.o [1]
HAL_RCC_ClockConfig      0x800'092d   0xfe  Code  Gb  stm32f4xx_hal_rcc.o [1]
HAL_RCC_GetPCLK1Freq     0x800'0a37   0x10  Code  Gb  stm32f4xx_hal_rcc.o [1]
HAL_RCC_GetPCLK2Freq     0x800'0a47    0xe  Code  Gb  stm32f4xx_hal_rcc.o [1]
HAL_RCC_OscConfig        0x800'16c1  0x2f8  Code  Wk  stm32f4xx_hal_rcc.o [1]
HAL_SYSTICK_Config       0x800'0b97   0x28  Code  Gb  stm32f4xx_hal_cortex.o [1]
HAL_UART_IRQHandler      0x800'0399  0x14e  Code  Gb  stm32f4xx_hal_uart.o [1]
HAL_UART_Init            0x800'01ad   0x1e  Code  Gb  stm32f4xx_hal_uart.o [1]
HAL_UART_MspInit         0x800'07b9   0x84  Code  Gb  stm32f4xx_hal_msp.o [1]
HAL_UART_Receive         0x800'02cf   0xb6  Code  Gb  stm32f4xx_hal_uart.o [1]
HAL_UART_Transmit        0x800'0223   0xac  Code  Gb  stm32f4xx_hal_uart.o [1]
HardFault_Handler        0x800'1a5b    0x2  Code  Gb  stm32f4xx_it.o [1]
IMME                    0x2000'00cc    0x8  Data  Gb  bluetooth.o [1]
MAC1                    0x2000'003c   0x18  Data  Gb  bluetooth.o [1]
MAC2                    0x2000'0054   0x18  Data  Gb  bluetooth.o [1]
MODE                    0x2000'0078    0x8  Data  Gb  bluetooth.o [1]
MemManage_Handler        0x800'1a5d    0x2  Code  Gb  stm32f4xx_it.o [1]
NMI_Handler              0x800'1a59    0x2  Code  Gb  stm32f4xx_it.o [1]
NVIC_SetPriority         0x800'0b15   0x1a  Code  Lc  stm32f4xx_hal_cortex.o [1]
OK                      0x2000'0004    0x4  Data  Gb  bluetooth.o [1]
PendSV_Handler           0x800'1a67    0x2  Code  Gb  stm32f4xx_it.o [1]
QR_MAC_ADDRESS          0x2000'001c    0xc  Data  Gb  bluetooth.o [1]
RENEW                   0x2000'008c    0x8  Data  Gb  bluetooth.o [1]
RESULT_ROLE             0x2000'00ac    0x8  Data  Gb  bluetooth.o [1]
Region$$Table$$Base      0x800'1b7c          --   Gb  - Linker created -
Region$$Table$$Limit     0x800'1b9c          --   Gb  - Linker created -
SAVE_ADDRESS            0x2000'0028   0x14  Data  Gb  bluetooth.o [1]
SET_BAUD                0x2000'0008    0xc  Data  Gb  bluetooth.o [1]
SET_IMME0               0x2000'00b4    0xc  Data  Gb  bluetooth.o [1]
SET_IMME1               0x2000'00c0    0xc  Data  Gb  bluetooth.o [1]
SET_MASTER              0x2000'0094    0xc  Data  Gb  bluetooth.o [1]
SET_MODE                0x2000'006c    0xc  Data  Gb  bluetooth.o [1]
SET_RENEW               0x2000'0080    0xc  Data  Gb  bluetooth.o [1]
SET_SLAVE               0x2000'00a0    0xc  Data  Gb  bluetooth.o [1]
SVC_Handler              0x800'1a63    0x2  Code  Gb  stm32f4xx_it.o [1]
SysTick_Handler          0x800'1a69    0x4  Code  Gb  stm32f4xx_it.o [1]
SystemClock_Config       0x800'1129   0x96  Code  Gb  main.o [1]
SystemCoreClock         0x2000'0110    0x4  Data  Gb  system_stm32f4xx.o [1]
SystemInit               0x800'1ad1   0x3a  Code  Gb  system_stm32f4xx.o [1]
UART_DMAAbortOnError     0x800'0569    0xc  Code  Lc  stm32f4xx_hal_uart.o [1]
UART_EndRxTransfer       0x800'054b   0x1c  Code  Lc  stm32f4xx_hal_uart.o [1]
UART_Receive_IT          0x800'0575   0x88  Code  Lc  stm32f4xx_hal_uart.o [1]
UART_SetConfig           0x800'05fd  0x13e  Code  Lc  stm32f4xx_hal_uart.o [1]
UART_WaitOnFlagUntilTimeout
                         0x800'04e7   0x56  Code  Lc  stm32f4xx_hal_uart.o [1]
USART2_IRQHandler        0x800'1a6d   0x1a  Code  Gb  stm32f4xx_it.o [1]
USART3_IRQHandler        0x800'1a87   0x18  Code  Gb  stm32f4xx_it.o [1]
UsageFault_Handler       0x800'1a61    0x2  Code  Gb  stm32f4xx_it.o [1]
__aeabi_ldiv0            0x800'1069         Code  Gb  I64DivZer.o [4]
__aeabi_memclr4          0x800'0ad5         Code  Gb  ABImemclr4.o [4]
__aeabi_uldivmod         0x800'0e05         Code  Gb  I64DivMod.o [4]
__cmain                  0x800'1b9d         Code  Gb  cmain.o [4]
__exit                   0x800'1bd1   0x14  Code  Gb  exit.o [5]
__iar_Memset4_word       0x800'1035         Code  Gb  ABImemset48.o [4]
__iar_Memset8_word       0x800'1035         Code  Gb  ABImemset48.o [4]
__iar_data_init3         0x800'1b31   0x28  Code  Gb  data_init.o [4]
__iar_init_vfp           0x800'1b59         Code  Gb  fpinit_M.o [3]
__iar_lz77_init_single3
                         0x800'08b3   0x7a  Code  Gb  lz77_init_single.o [4]
__iar_program_start      0x800'1bf5         Code  Gb  cstartup_M.o [4]
__iar_zero_init3         0x800'0adb   0x3a  Code  Gb  zero_init3.o [4]
__low_level_init         0x800'1bbb    0x4  Code  Gb  low_level_init.o [2]
__vector_table           0x800'0000         Data  Gb  startup_stm32f429xx.o [1]
_call_main               0x800'1ba9         Code  Gb  cmain.o [4]
_exit                    0x800'1bc5         Code  Gb  cexit.o [4]
_main                    0x800'1bb7         Code  Gb  cmain.o [4]
exit                     0x800'1bbf    0x4  Code  Gb  exit.o [2]
huart2                  0x2000'0114   0x40  Data  Gb  main.o [1]
huart3                  0x2000'0154   0x40  Data  Gb  main.o [1]
main                     0x800'106d   0xbc  Code  Gb  main.o [1]
uwTick                  0x2000'0108    0x4  Data  Gb  stm32f4xx_hal.o [1]
uwTickFreq              0x2000'0104    0x1  Data  Gb  stm32f4xx_hal.o [1]
uwTickPrio              0x2000'010c    0x4  Data  Gb  stm32f4xx_hal.o [1]


[1] = C:\Users\kdh94\Desktop\Bluetooth_Project\F144_Bluetooth\EWARM\F144_Bluetooth\Obj
[2] = dl7M_tlf.a
[3] = m7M_tls.a
[4] = rt7M_tl.a
[5] = shb_l.a

  7 486 bytes of readonly  code memory
    167 bytes of readonly  data memory
  1 428 bytes of readwrite data memory

Errors: none
Warnings: none
